<html>
<body>
<pre>
<h1>µVision Build Log</h1>
<h2>Tool Versions:</h2>
IDE-Version: µVision V5.28.0.0
Copyright (C) 2019 ARM Ltd and ARM Germany GmbH. All rights reserved.
License Information: sathyaprakash admin, 234, LIC=----
 
Tool Versions:
Toolchain:       MDK-Lite  Version: 5.28.0.0
Toolchain Path:  C:\Keil_v5\ARM\ARMCC\Bin
C Compiler:      Armcc.exe V5.06 update 6 (build 750)
Assembler:       Armasm.exe V5.06 update 6 (build 750)
Linker/Locator:  ArmLink.exe V5.06 update 6 (build 750)
Library Manager: ArmAr.exe V5.06 update 6 (build 750)
Hex Converter:   FromElf.exe V5.06 update 6 (build 750)
CPU DLL:         SARMCM3.DLL V5.28.0.0
Dialog DLL:      DCM.DLL V1.17.3.0
Target DLL:      STLink\ST-LINKIII-KEIL_SWO.dll V3.0.6.0
Dialog DLL:      TCM.DLL V1.36.2.0
 
<h2>Project:</h2>
C:\Users\admin\Documents\STM32\MyBootLoaderInApplicationProgramming\InApplicationProgrammingCleanCode\Project\Project.uvprojx
Project File Date:  03/26/2020

<h2>Output:</h2>
*** Using Compiler 'V5.06 update 6 (build 750)', folder: 'C:\Keil_v5\ARM\ARMCC\Bin'
Rebuild target 'Core407V'
compiling stm32f4xx_it.c...
compiling main.c...
..\User\BootLoaderUART.h(30): warning:  #1-D: last line of file ends without a newline
  	
..\User\main.c: 1 warning, 0 errors
compiling usart.c...
..\User\usart.c(144): warning:  #940-D: missing return statement at end of non-void function "_sys_exit" 
  }
..\User\usart.c: 1 warning, 0 errors
assembling startup_stm32f4xx.s...
compiling timer.c...
compiling stm32f4xx_gpio.c...
compiling BootLoaderUART.c...
..\User\BootLoaderUART.h(30): warning:  #1-D: last line of file ends without a newline
  	
..\User\BootLoaderUART.c: 1 warning, 0 errors
compiling misc.c...
compiling stm32f4xx_rcc.c...
compiling stm32f4xx_usart.c...
compiling stm32f4xx_flash.c...
compiling system_stm32f4xx.c...
compiling stm32f4xx_tim.c...
linking...
Program Size: Code=13048 RO-data=636 RW-data=96 ZI-data=1400  
FromELF: creating hex file...
".\Output\Project.axf" - 0 Error(s), 3 Warning(s).

<h2>Software Packages used:</h2>

Package Vendor: Keil
                http://www.keil.com/pack/Keil.STM32F4xx_DFP.2.13.0.pack
                Keil.STM32F4xx_DFP.2.13.0
                STMicroelectronics STM32F4 Series Device Support, Drivers and Examples

<h2>Collection of Component include folders:</h2>
  .\RTE\_Core407V
  C:\Users\admin\AppData\Local\Arm\Packs\Keil\STM32F4xx_DFP\2.13.0\Drivers\CMSIS\Device\ST\STM32F4xx\Include

<h2>Collection of Component Files used:</h2>
Build Time Elapsed:  00:00:07
</pre>
</body>
</html>
